Viewport <#document> at (0,0) content-size 800x600 children: not-inline
  BlockContainer <html> at (0,0) content-size 800x37 [BFC] children: not-inline
    BlockContainer <(anonymous)> at (0,0) content-size 800x0 children: inline
      TextNode <#text>
    BlockContainer <body> at (8,8) content-size 784x21 children: inline
      frag 0 from BlockContainer start: 0, length: 0, rect: [11,10 191.875x17] baseline: 21
      TextNode <#text>
      BlockContainer <input#hello> at (11,10) content-size 191.875x17 inline-block [BFC] children: not-inline
        Box <div> at (11,10) content-size 191.875x17 flex-container(row) [FFC] children: not-inline
          BlockContainer <div> at (11,10) content-size 191.875x17 flex-item [BFC] children: inline
            TextNode <#text>
      TextNode <#text>

ViewportPaintable (Viewport<#document>) [0,0 800x600]
  PaintableWithLines (BlockContainer<HTML>) [0,0 800x37]
    PaintableWithLines (BlockContainer(anonymous)) [0,0 800x0]
    PaintableWithLines (BlockContainer<BODY>) [8,8 784x21]
      PaintableWithLines (BlockContainer<INPUT>#hello) [8,8 197.875x21]
        PaintableBox (Box<DIV>) [11,10 191.875x17]
          PaintableWithLines (BlockContainer<DIV>) [11,10 191.875x17]