<!DOCTYPE HTML>
<html lang="en">
<head>
<title>CSS Test: feature value matching for font-variant-ligatures</title>
<link rel="author" title="John Daggett" href="mailto:jdaggett@mozilla.com"/>
<meta http-equiv="Content-Type" content="text/html; charset=utf-8" />
<script type="text/javascript" src="../../../../data/gsubtest-features.js"></script>
<script type="text/javascript" src="../../../../data/font-variant-features.js"></script>
<link rel="stylesheet" href="../../../../data/font-variant-features.css" type="text/css"/>
</head>
<body>
<div id="content"></div>
<script type="text/javascript">
  document.fonts.ready.then(() => {
    internals.finishLoading();
  })
  internals.disableAutomaticPageFinish();
  document.getElementById("content").appendChild(createFeatureTestTable(gPropertyData, "font-variant-ligatures", true, false));
</script>
</body>
</html>
