<!DOCTYPE HTML>
<html lang="en">
<head>
<title>CSS Test: feature value matching for font-variant-numeric</title>
<link rel="author" title="John Daggett" href="mailto:jdaggett@mozilla.com"/>
<meta http-equiv="Content-Type" content="text/html; charset=utf-8" />
<script type="text/javascript" src="../../../../data/gsubtest-features.js"></script>
<script type="text/javascript" src="../../../../data/font-variant-features.js"></script>
<link rel="stylesheet" href="../../../../data/font-variant-features.css" type="text/css"/>
</head>
<body>
<div id="content"></div>
<script type="text/javascript">
  window.onload = (event) => {
    console.log('expectation onload', event.target.location.href);
  }
  document.fonts.ready.then(() => {
    console.log('exceptation document.fonts.ready');
  })
  // internals.disableAutomaticPageFinish();
  document.getElementById("content").appendChild(createFeatureTestTable(gPropertyData, "font-variant-numeric", true, false));
</script>
</body>
</html>
