All properties associated with getComputedStyle(document.body):
{
    "0": "-webkit-text-fill-color",
    "1": "accent-color",
    "2": "border-collapse",
    "3": "border-spacing",
    "4": "caption-side",
    "5": "clip-rule",
    "6": "color",
    "7": "cursor",
    "8": "direction",
    "9": "fill",
    "10": "fill-opacity",
    "11": "fill-rule",
    "12": "font-family",
    "13": "font-feature-settings",
    "14": "font-language-override",
    "15": "font-size",
    "16": "font-style",
    "17": "font-variant",
    "18": "font-variant-alternates",
    "19": "font-variant-caps",
    "20": "font-variant-east-asian",
    "21": "font-variant-emoji",
    "22": "font-variant-ligatures",
    "23": "font-variant-numeric",
    "24": "font-variant-position",
    "25": "font-variation-settings",
    "26": "font-weight",
    "27": "font-width",
    "28": "image-rendering",
    "29": "letter-spacing",
    "30": "line-height",
    "31": "list-style-image",
    "32": "list-style-position",
    "33": "list-style-type",
    "34": "math-depth",
    "35": "math-shift",
    "36": "math-style",
    "37": "pointer-events",
    "38": "quotes",
    "39": "stroke",
    "40": "stroke-linecap",
    "41": "stroke-linejoin",
    "42": "stroke-miterlimit",
    "43": "stroke-opacity",
    "44": "stroke-width",
    "45": "tab-size",
    "46": "text-align",
    "47": "text-anchor",
    "48": "text-decoration-line",
    "49": "text-indent",
    "50": "text-justify",
    "51": "text-shadow",
    "52": "text-transform",
    "53": "visibility",
    "54": "white-space",
    "55": "word-break",
    "56": "word-spacing",
    "57": "word-wrap",
    "58": "writing-mode",
    "59": "align-content",
    "60": "align-items",
    "61": "align-self",
    "62": "animation-delay",
    "63": "animation-direction",
    "64": "animation-duration",
    "65": "animation-fill-mode",
    "66": "animation-iteration-count",
    "67": "animation-name",
    "68": "animation-play-state",
    "69": "animation-timing-function",
    "70": "appearance",
    "71": "aspect-ratio",
    "72": "backdrop-filter",
    "73": "background-attachment",
    "74": "background-clip",
    "75": "background-color",
    "76": "background-image",
    "77": "background-origin",
    "78": "background-position-x",
    "79": "background-position-y",
    "80": "background-repeat",
    "81": "background-size",
    "82": "border-bottom-color",
    "83": "border-bottom-left-radius",
    "84": "border-bottom-right-radius",
    "85": "border-bottom-style",
    "86": "border-bottom-width",
    "87": "border-left-color",
    "88": "border-left-style",
    "89": "border-left-width",
    "90": "border-right-color",
    "91": "border-right-style",
    "92": "border-right-width",
    "93": "border-top-color",
    "94": "border-top-left-radius",
    "95": "border-top-right-radius",
    "96": "border-top-style",
    "97": "border-top-width",
    "98": "bottom",
    "99": "box-shadow",
    "100": "box-sizing",
    "101": "clear",
    "102": "clip",
    "103": "clip-path",
    "104": "column-count",
    "105": "column-gap",
    "106": "column-span",
    "107": "column-width",
    "108": "content",
    "109": "content-visibility",
    "110": "counter-increment",
    "111": "counter-reset",
    "112": "counter-set",
    "113": "cx",
    "114": "cy",
    "115": "display",
    "116": "filter",
    "117": "flex-basis",
    "118": "flex-direction",
    "119": "flex-grow",
    "120": "flex-shrink",
    "121": "flex-wrap",
    "122": "float",
    "123": "grid-auto-columns",
    "124": "grid-auto-flow",
    "125": "grid-auto-rows",
    "126": "grid-column-end",
    "127": "grid-column-start",
    "128": "grid-row-end",
    "129": "grid-row-start",
    "130": "grid-template-areas",
    "131": "grid-template-columns",
    "132": "grid-template-rows",
    "133": "height",
    "134": "inline-size",
    "135": "inset-block-end",
    "136": "inset-block-start",
    "137": "inset-inline-end",
    "138": "inset-inline-start",
    "139": "justify-content",
    "140": "justify-items",
    "141": "justify-self",
    "142": "left",
    "143": "margin-block-end",
    "144": "margin-block-start",
    "145": "margin-bottom",
    "146": "margin-inline-end",
    "147": "margin-inline-start",
    "148": "margin-left",
    "149": "margin-right",
    "150": "margin-top",
    "151": "mask",
    "152": "mask-image",
    "153": "mask-type",
    "154": "max-height",
    "155": "max-inline-size",
    "156": "max-width",
    "157": "min-height",
    "158": "min-inline-size",
    "159": "min-width",
    "160": "object-fit",
    "161": "object-position",
    "162": "opacity",
    "163": "order",
    "164": "outline-color",
    "165": "outline-offset",
    "166": "outline-style",
    "167": "outline-width",
    "168": "overflow-x",
    "169": "overflow-y",
    "170": "padding-block-end",
    "171": "padding-block-start",
    "172": "padding-bottom",
    "173": "padding-inline-end",
    "174": "padding-inline-start",
    "175": "padding-left",
    "176": "padding-right",
    "177": "padding-top",
    "178": "position",
    "179": "r",
    "180": "right",
    "181": "rotate",
    "182": "row-gap",
    "183": "rx",
    "184": "ry",
    "185": "scrollbar-gutter",
    "186": "scrollbar-width",
    "187": "stop-color",
    "188": "stop-opacity",
    "189": "table-layout",
    "190": "text-decoration-color",
    "191": "text-decoration-style",
    "192": "text-decoration-thickness",
    "193": "text-overflow",
    "194": "top",
    "195": "transform",
    "196": "transform-box",
    "197": "transform-origin",
    "198": "transition-delay",
    "199": "transition-duration",
    "200": "transition-property",
    "201": "transition-timing-function",
    "202": "unicode-bidi",
    "203": "user-select",
    "204": "vertical-align",
    "205": "width",
    "206": "x",
    "207": "y",
    "208": "z-index"
}
All properties associated with document.body.style by default:
{}
All properties associated with document.body.style after setting some properties:
{
    "0": "display",
    "1": "background-color",
    "2": "font-size"
}
